     1 00000000                                 [FORMAT "WCOFF"]
     2 00000000                                 [INSTRSET "i486p"]
     3 00000000                                 [OPTIMIZE 1]
     4 00000000                                 [OPTION 1]
     5 00000000                                 [BITS 32]
     6 00000000                                 	EXTERN	_strtoul0
     7 00000000                                 [FILE "vsprintf.c"]
     8                                          [SECTION .text]
     9 00000000                                 	GLOBAL	__sprintf
    10 00000000                                 __sprintf:
    11 00000000 55                              	PUSH	EBP
    12 00000001 89 E5                           	MOV	EBP,ESP
    13 00000003 8D 45 10                        	LEA	EAX,DWORD [16+EBP]
    14 00000006 50                              	PUSH	EAX
    15 00000007 FF 75 0C                        	PUSH	DWORD [12+EBP]
    16 0000000A FF 75 08                        	PUSH	DWORD [8+EBP]
    17 0000000D E8 0000002A                     	CALL	__vsprintf
    18 00000012 C9                              	LEAVE
    19 00000013 C3                              	RET
    20 00000014                                 _setdec:
    21 00000014 55                              	PUSH	EBP
    22 00000015 89 E5                           	MOV	EBP,ESP
    23 00000017 53                              	PUSH	EBX
    24 00000018 8B 55 0C                        	MOV	EDX,DWORD [12+EBP]
    25 0000001B 8B 5D 08                        	MOV	EBX,DWORD [8+EBP]
    26 0000001E                                 L3:
    27 0000001E B9 0000000A                     	MOV	ECX,10
    28 00000023 89 D0                           	MOV	EAX,EDX
    29 00000025 31 D2                           	XOR	EDX,EDX
    30 00000027 4B                              	DEC	EBX
    31 00000028 F7 F1                           	DIV	ECX
    32 0000002A 89 C1                           	MOV	ECX,EAX
    33 0000002C 8D 42 30                        	LEA	EAX,DWORD [48+EDX]
    34 0000002F 85 C9                           	TEST	ECX,ECX
    35 00000031 88 03                           	MOV	BYTE [EBX],AL
    36 00000033 89 CA                           	MOV	EDX,ECX
    37 00000035 75 E7                           	JNE	L3
    38 00000037 89 D8                           	MOV	EAX,EBX
    39 00000039 5B                              	POP	EBX
    40 0000003A 5D                              	POP	EBP
    41 0000003B C3                              	RET
    42                                          [SECTION .data]
    43 00000000                                 _hextable_X.0:
    44 00000000 30 31 32 33 34 35 36 37 38 39   	DB	"0123456789ABCDEF"
       0000000A 41 42 43 44 45 46 
    45 00000010                                 _hextable_x.1:
    46 00000010 30 31 32 33 34 35 36 37 38 39   	DB	"0123456789abcdef"
       0000001A 61 62 63 64 65 66 
    47                                          [SECTION .text]
    48 0000003C                                 	GLOBAL	__vsprintf
    49 0000003C                                 __vsprintf:
    50 0000003C 55                              	PUSH	EBP
    51 0000003D 89 E5                           	MOV	EBP,ESP
    52 0000003F 57                              	PUSH	EDI
    53 00000040 56                              	PUSH	ESI
    54 00000041 53                              	PUSH	EBX
    55 00000042 83 EC 30                        	SUB	ESP,48
    56 00000045 8B 45 08                        	MOV	EAX,DWORD [8+EBP]
    57 00000048 8B 75 10                        	MOV	ESI,DWORD [16+EBP]
    58 0000004B 89 45 CC                        	MOV	DWORD [-52+EBP],EAX
    59 0000004E C6 45 F3 00                     	MOV	BYTE [-13+EBP],0
    60 00000052                                 L8:
    61 00000052 8B 4D 0C                        	MOV	ECX,DWORD [12+EBP]
    62 00000055 8A 11                           	MOV	DL,BYTE [ECX]
    63 00000057 8D 41 01                        	LEA	EAX,DWORD [1+ECX]
    64 0000005A 88 55 D3                        	MOV	BYTE [-45+EBP],DL
    65 0000005D 89 45 0C                        	MOV	DWORD [12+EBP],EAX
    66 00000060 80 FA 25                        	CMP	DL,37
    67 00000063 0F 85 000001B4                  	JNE	L12
    68 00000069 C6 45 CB 00                     	MOV	BYTE [-53+EBP],0
    69 0000006D 8A 41 01                        	MOV	AL,BYTE [1+ECX]
    70 00000070 31 FF                           	XOR	EDI,EDI
    71 00000072 88 45 D3                        	MOV	BYTE [-45+EBP],AL
    72 00000075 8D 41 02                        	LEA	EAX,DWORD [2+ECX]
    73 00000078                                 L91:
    74 00000078 89 45 0C                        	MOV	DWORD [12+EBP],EAX
    75 0000007B 8A 55 D3                        	MOV	DL,BYTE [-45+EBP]
    76 0000007E 80 FA 2D                        	CMP	DL,45
    77 00000081 0F 84 00000317                  	JE	L92
    78 00000087 80 FA 30                        	CMP	DL,48
    79 0000008A 75 10                           	JNE	L15
    80 0000008C BF 00000001                     	MOV	EDI,1
    81 00000091                                 L18:
    82 00000091 8B 45 0C                        	MOV	EAX,DWORD [12+EBP]
    83 00000094 8A 10                           	MOV	DL,BYTE [EAX]
    84 00000096 40                              	INC	EAX
    85 00000097 88 55 D3                        	MOV	BYTE [-45+EBP],DL
    86 0000009A EB DC                           	JMP	L91
    87 0000009C                                 L15:
    88 0000009C 8D 42 CF                        	LEA	EAX,DWORD [-49+EDX]
    89 0000009F C7 45 C4 00000000               	MOV	DWORD [-60+EBP],0
    90 000000A6 3C 08                           	CMP	AL,8
    91 000000A8 0F 86 000002C7                  	JBE	L93
    92 000000AE 80 FA 2A                        	CMP	DL,42
    93 000000B1 0F 84 000002A3                  	JE	L94
    94 000000B7                                 L22:
    95 000000B7 BB 7FFFFFFF                     	MOV	EBX,2147483647
    96 000000BC 80 7D D3 2E                     	CMP	BYTE [-45+EBP],46
    97 000000C0 0F 84 00000235                  	JE	L95
    98 000000C6                                 L24:
    99 000000C6 8A 45 D3                        	MOV	AL,BYTE [-45+EBP]
   100 000000C9 3C 73                           	CMP	AL,115
   101 000000CB 0F 84 000001F6                  	JE	L96
   102 000000D1 3C 6C                           	CMP	AL,108
   103 000000D3 0F 84 000001BD                  	JE	L97
   104 000000D9                                 L46:
   105 000000D9 8A 45 D3                        	MOV	AL,BYTE [-45+EBP]
   106 000000DC 3C 75                           	CMP	AL,117
   107 000000DE 0F 84 000001A9                  	JE	L98
   108 000000E4 3C 64                           	CMP	AL,100
   109 000000E6 0F 84 00000157                  	JE	L51
   110 000000EC 3C 69                           	CMP	AL,105
   111 000000EE 0F 84 0000014F                  	JE	L51
   112 000000F4 3C 25                           	CMP	AL,37
   113 000000F6 0F 84 00000121                  	JE	L12
   114 000000FC 3C 78                           	CMP	AL,120
   115 000000FE 0F 84 00000112                  	JE	L99
   116 00000104 B9 [00000000]                   	MOV	ECX,_hextable_X.0
   117 00000109 3C 58                           	CMP	AL,88
   118 0000010B 0F 84 000000E6                  	JE	L60
   119 00000111 3C 70                           	CMP	AL,112
   120 00000113 0F 84 000000B9                  	JE	L100
   121 00000119 3C 6F                           	CMP	AL,111
   122 0000011B 74 34                           	JE	L101
   123 0000011D 3C 66                           	CMP	AL,102
   124 0000011F 75 2E                           	JNE	L30
   125 00000121 81 FB 7FFFFFFF                  	CMP	EBX,2147483647
   126 00000127 74 1F                           	JE	L102
   127 00000129                                 L78:
   128 00000129 8D 43 02                        	LEA	EAX,DWORD [2+EBX]
   129 0000012C 39 45 C4                        	CMP	DWORD [-60+EBP],EAX
   130 0000012F 7D 03                           	JGE	L80
   131 00000131 89 45 C4                        	MOV	DWORD [-60+EBP],EAX
   132 00000134                                 L80:
   133 00000134 8B 55 CC                        	MOV	EDX,DWORD [-52+EBP]
   134 00000137 C6 02 23                        	MOV	BYTE [EDX],35
   135 0000013A 42                              	INC	EDX
   136 0000013B FF 4D C4                        	DEC	DWORD [-60+EBP]
   137 0000013E 89 55 CC                        	MOV	DWORD [-52+EBP],EDX
   138 00000141 75 F1                           	JNE	L80
   139 00000143 E9 FFFFFF0A                     	JMP	L8
   140 00000148                                 L102:
   141 00000148 BB 00000006                     	MOV	EBX,6
   142 0000014D EB DA                           	JMP	L78
   143 0000014F                                 L30:
   144 0000014F                                 L84:
   145 0000014F EB FE                           	JMP	L84
   146 00000151                                 L101:
   147 00000151 89 F0                           	MOV	EAX,ESI
   148 00000153 8D 5D F3                        	LEA	EBX,DWORD [-13+EBP]
   149 00000156 83 C6 04                        	ADD	ESI,4
   150 00000159 8B 10                           	MOV	EDX,DWORD [EAX]
   151 0000015B                                 L73:
   152 0000015B 89 D0                           	MOV	EAX,EDX
   153 0000015D 4B                              	DEC	EBX
   154 0000015E 83 E0 07                        	AND	EAX,7
   155 00000161 8A 80 [00000010]                	MOV	AL,BYTE [_hextable_x.1+EAX]
   156 00000167 88 03                           	MOV	BYTE [EBX],AL
   157 00000169 89 D0                           	MOV	EAX,EDX
   158 0000016B C1 E8 03                        	SHR	EAX,3
   159 0000016E 89 C2                           	MOV	EDX,EAX
   160 00000170 85 C0                           	TEST	EAX,EAX
   161 00000172 75 E7                           	JNE	L73
   162 00000174                                 L55:
   163 00000174 89 D8                           	MOV	EAX,EBX
   164 00000176 F7 D0                           	NOT	EAX
   165 00000178 C6 45 D3 20                     	MOV	BYTE [-45+EBP],32
   166 0000017C 8D 54 05 F4                     	LEA	EDX,DWORD [-12+EBP+EAX*1]
   167 00000180 89 F8                           	MOV	EAX,EDI
   168 00000182 84 C0                           	TEST	AL,AL
   169 00000184 74 04                           	JE	L32
   170 00000186 C6 45 D3 30                     	MOV	BYTE [-45+EBP],48
   171 0000018A                                 L32:
   172 0000018A 80 7D CB 00                     	CMP	BYTE [-53+EBP],0
   173 0000018E 75 19                           	JNE	L38
   174 00000190 3B 55 C4                        	CMP	EDX,DWORD [-60+EBP]
   175 00000193 7D 14                           	JGE	L38
   176 00000195 8A 45 D3                        	MOV	AL,BYTE [-45+EBP]
   177 00000198                                 L37:
   178 00000198 8B 4D CC                        	MOV	ECX,DWORD [-52+EBP]
   179 0000019B 88 01                           	MOV	BYTE [ECX],AL
   180 0000019D 41                              	INC	ECX
   181 0000019E FF 4D C4                        	DEC	DWORD [-60+EBP]
   182 000001A1 89 4D CC                        	MOV	DWORD [-52+EBP],ECX
   183 000001A4 3B 55 C4                        	CMP	EDX,DWORD [-60+EBP]
   184 000001A7 7C EF                           	JL	L37
   185 000001A9                                 L38:
   186 000001A9 8B 4D CC                        	MOV	ECX,DWORD [-52+EBP]
   187 000001AC 8A 03                           	MOV	AL,BYTE [EBX]
   188 000001AE 43                              	INC	EBX
   189 000001AF 88 01                           	MOV	BYTE [ECX],AL
   190 000001B1 41                              	INC	ECX
   191 000001B2 89 4D CC                        	MOV	DWORD [-52+EBP],ECX
   192 000001B5 80 3B 00                        	CMP	BYTE [EBX],0
   193 000001B8 75 EF                           	JNE	L38
   194 000001BA                                 L31:
   195 000001BA 3B 55 C4                        	CMP	EDX,DWORD [-60+EBP]
   196 000001BD 0F 8D FFFFFE8F                  	JGE	L8
   197 000001C3 8B 45 CC                        	MOV	EAX,DWORD [-52+EBP]
   198 000001C6 C6 00 20                        	MOV	BYTE [EAX],32
   199 000001C9 40                              	INC	EAX
   200 000001CA FF 4D C4                        	DEC	DWORD [-60+EBP]
   201 000001CD 89 45 CC                        	MOV	DWORD [-52+EBP],EAX
   202 000001D0 EB E8                           	JMP	L31
   203 000001D2                                 L100:
   204 000001D2 89 F0                           	MOV	EAX,ESI
   205 000001D4 8D 5D F3                        	LEA	EBX,DWORD [-13+EBP]
   206 000001D7 83 C6 04                        	ADD	ESI,4
   207 000001DA 31 D2                           	XOR	EDX,EDX
   208 000001DC 8B 08                           	MOV	ECX,DWORD [EAX]
   209 000001DE                                 L71:
   210 000001DE 89 C8                           	MOV	EAX,ECX
   211 000001E0 4B                              	DEC	EBX
   212 000001E1 C1 F9 04                        	SAR	ECX,4
   213 000001E4 83 E0 0F                        	AND	EAX,15
   214 000001E7 42                              	INC	EDX
   215 000001E8 8A 80 [00000000]                	MOV	AL,BYTE [_hextable_X.0+EAX]
   216 000001EE 83 FA 07                        	CMP	EDX,7
   217 000001F1 88 03                           	MOV	BYTE [EBX],AL
   218 000001F3 7E E9                           	JLE	L71
   219 000001F5 EB 93                           	JMP	L32
   220 000001F7                                 L60:
   221 000001F7 89 F0                           	MOV	EAX,ESI
   222 000001F9 8D 5D F3                        	LEA	EBX,DWORD [-13+EBP]
   223 000001FC 83 C6 04                        	ADD	ESI,4
   224 000001FF 8B 10                           	MOV	EDX,DWORD [EAX]
   225 00000201                                 L61:
   226 00000201 89 D0                           	MOV	EAX,EDX
   227 00000203 4B                              	DEC	EBX
   228 00000204 83 E0 0F                        	AND	EAX,15
   229 00000207 C1 EA 04                        	SHR	EDX,4
   230 0000020A 8A 04 08                        	MOV	AL,BYTE [EAX+ECX*1]
   231 0000020D 88 03                           	MOV	BYTE [EBX],AL
   232 0000020F 75 F0                           	JNE	L61
   233 00000211 E9 FFFFFF5E                     	JMP	L55
   234 00000216                                 L99:
   235 00000216 B9 [00000010]                   	MOV	ECX,_hextable_x.1
   236 0000021B EB DA                           	JMP	L60
   237 0000021D                                 L12:
   238 0000021D 8B 55 CC                        	MOV	EDX,DWORD [-52+EBP]
   239 00000220 8A 45 D3                        	MOV	AL,BYTE [-45+EBP]
   240 00000223 88 02                           	MOV	BYTE [EDX],AL
   241 00000225 42                              	INC	EDX
   242 00000226 89 55 CC                        	MOV	DWORD [-52+EBP],EDX
   243 00000229 84 C0                           	TEST	AL,AL
   244 0000022B 0F 85 FFFFFE21                  	JNE	L8
   245 00000231 8B 4D 08                        	MOV	ECX,DWORD [8+EBP]
   246 00000234 29 4D CC                        	SUB	DWORD [-52+EBP],ECX
   247 00000237 8B 45 CC                        	MOV	EAX,DWORD [-52+EBP]
   248 0000023A 8D 65 F4                        	LEA	ESP,DWORD [-12+EBP]
   249 0000023D 5B                              	POP	EBX
   250 0000023E 48                              	DEC	EAX
   251 0000023F 5E                              	POP	ESI
   252 00000240 5F                              	POP	EDI
   253 00000241 5D                              	POP	EBP
   254 00000242 C3                              	RET
   255 00000243                                 L51:
   256 00000243 89 F0                           	MOV	EAX,ESI
   257 00000245 83 C6 04                        	ADD	ESI,4
   258 00000248 8B 10                           	MOV	EDX,DWORD [EAX]
   259 0000024A 85 D2                           	TEST	EDX,EDX
   260 0000024C 78 2E                           	JS	L103
   261 0000024E                                 L49:
   262 0000024E 81 FB 7FFFFFFF                  	CMP	EBX,2147483647
   263 00000254 0F 85 FFFFFEF5                  	JNE	L30
   264 0000025A 83 7D C4 00                     	CMP	DWORD [-60+EBP],0
   265 0000025E 7E 13                           	JLE	L104
   266 00000260                                 L54:
   267 00000260 52                              	PUSH	EDX
   268 00000261 8D 45 F3                        	LEA	EAX,DWORD [-13+EBP]
   269 00000264 50                              	PUSH	EAX
   270 00000265 E8 FFFFFDAA                     	CALL	_setdec
   271 0000026A 89 C3                           	MOV	EBX,EAX
   272 0000026C 58                              	POP	EAX
   273 0000026D 5A                              	POP	EDX
   274 0000026E E9 FFFFFF01                     	JMP	L55
   275 00000273                                 L104:
   276 00000273 C7 45 C4 00000001               	MOV	DWORD [-60+EBP],1
   277 0000027A EB E4                           	JMP	L54
   278 0000027C                                 L103:
   279 0000027C 8B 4D CC                        	MOV	ECX,DWORD [-52+EBP]
   280 0000027F F7 DA                           	NEG	EDX
   281 00000281 C6 01 2D                        	MOV	BYTE [ECX],45
   282 00000284 41                              	INC	ECX
   283 00000285 89 4D CC                        	MOV	DWORD [-52+EBP],ECX
   284 00000288 FF 4D C4                        	DEC	DWORD [-60+EBP]
   285 0000028B EB C1                           	JMP	L49
   286 0000028D                                 L98:
   287 0000028D 89 F0                           	MOV	EAX,ESI
   288 0000028F 83 C6 04                        	ADD	ESI,4
   289 00000292 8B 10                           	MOV	EDX,DWORD [EAX]
   290 00000294 EB B8                           	JMP	L49
   291 00000296                                 L97:
   292 00000296 8B 4D 0C                        	MOV	ECX,DWORD [12+EBP]
   293 00000299 8A 11                           	MOV	DL,BYTE [ECX]
   294 0000029B 8D 41 01                        	LEA	EAX,DWORD [1+ECX]
   295 0000029E 88 55 D3                        	MOV	BYTE [-45+EBP],DL
   296 000002A1 89 45 0C                        	MOV	DWORD [12+EBP],EAX
   297 000002A4 80 FA 64                        	CMP	DL,100
   298 000002A7 0F 84 FFFFFE2C                  	JE	L46
   299 000002AD 80 FA 78                        	CMP	DL,120
   300 000002B0 0F 84 FFFFFE23                  	JE	L46
   301 000002B6 80 FA 75                        	CMP	DL,117
   302 000002B9 0F 84 FFFFFE1A                  	JE	L46
   303 000002BF 89 4D 0C                        	MOV	DWORD [12+EBP],ECX
   304 000002C2 E9 FFFFFE88                     	JMP	L30
   305 000002C7                                 L96:
   306 000002C7 81 FB 7FFFFFFF                  	CMP	EBX,2147483647
   307 000002CD 0F 85 FFFFFE7C                  	JNE	L30
   308 000002D3 89 F0                           	MOV	EAX,ESI
   309 000002D5 83 C9 FF                        	OR	ECX,-1
   310 000002D8 FC                              	CLD
   311 000002D9 8B 18                           	MOV	EBX,DWORD [EAX]
   312 000002DB 83 C6 04                        	ADD	ESI,4
   313 000002DE 31 C0                           	XOR	EAX,EAX
   314 000002E0 89 DF                           	MOV	EDI,EBX
   315 000002E2 F2                              	REPNE
   316 000002E3 AE                              	SCASB
   317 000002E4 F7 D1                           	NOT	ECX
   318 000002E6 80 3B 00                        	CMP	BYTE [EBX],0
   319 000002E9 8D 51 FF                        	LEA	EDX,DWORD [-1+ECX]
   320 000002EC 0F 84 FFFFFEC8                  	JE	L31
   321 000002F2 C6 45 D3 20                     	MOV	BYTE [-45+EBP],32
   322 000002F6 E9 FFFFFE8F                     	JMP	L32
   323 000002FB                                 L95:
   324 000002FB 8B 4D 0C                        	MOV	ECX,DWORD [12+EBP]
   325 000002FE 8A 11                           	MOV	DL,BYTE [ECX]
   326 00000300 8D 41 01                        	LEA	EAX,DWORD [1+ECX]
   327 00000303 89 45 0C                        	MOV	DWORD [12+EBP],EAX
   328 00000306 88 55 D3                        	MOV	BYTE [-45+EBP],DL
   329 00000309 8D 42 CF                        	LEA	EAX,DWORD [-49+EDX]
   330 0000030C 3C 08                           	CMP	AL,8
   331 0000030E 76 21                           	JBE	L105
   332 00000310 80 FA 2A                        	CMP	DL,42
   333 00000313 0F 85 FFFFFDAD                  	JNE	L24
   334 00000319 89 F0                           	MOV	EAX,ESI
   335 0000031B 83 C6 04                        	ADD	ESI,4
   336 0000031E 8B 18                           	MOV	EBX,DWORD [EAX]
   337 00000320 8A 41 01                        	MOV	AL,BYTE [1+ECX]
   338 00000323 88 45 D3                        	MOV	BYTE [-45+EBP],AL
   339 00000326 8D 41 02                        	LEA	EAX,DWORD [2+ECX]
   340 00000329 89 45 0C                        	MOV	DWORD [12+EBP],EAX
   341 0000032C E9 FFFFFD95                     	JMP	L24
   342 00000331                                 L105:
   343 00000331 8D 45 D3                        	LEA	EAX,DWORD [-45+EBP]
   344 00000334 89 4D 0C                        	MOV	DWORD [12+EBP],ECX
   345 00000337 50                              	PUSH	EAX
   346 00000338 8D 45 0C                        	LEA	EAX,DWORD [12+EBP]
   347 0000033B 6A 0A                           	PUSH	10
   348 0000033D 50                              	PUSH	EAX
   349 0000033E E8 [00000000]                   	CALL	_strtoul0
   350 00000343 83 C4 0C                        	ADD	ESP,12
   351 00000346 89 45 C4                        	MOV	DWORD [-60+EBP],EAX
   352 00000349 8B 45 0C                        	MOV	EAX,DWORD [12+EBP]
   353 0000034C 8A 10                           	MOV	DL,BYTE [EAX]
   354 0000034E 40                              	INC	EAX
   355 0000034F 88 55 D3                        	MOV	BYTE [-45+EBP],DL
   356 00000352 89 45 0C                        	MOV	DWORD [12+EBP],EAX
   357 00000355 E9 FFFFFD6C                     	JMP	L24
   358 0000035A                                 L94:
   359 0000035A 89 F0                           	MOV	EAX,ESI
   360 0000035C 83 C6 04                        	ADD	ESI,4
   361 0000035F 8B 00                           	MOV	EAX,DWORD [EAX]
   362 00000361 89 45 C4                        	MOV	DWORD [-60+EBP],EAX
   363 00000364 8B 45 0C                        	MOV	EAX,DWORD [12+EBP]
   364 00000367 8A 10                           	MOV	DL,BYTE [EAX]
   365 00000369 40                              	INC	EAX
   366 0000036A 88 55 D3                        	MOV	BYTE [-45+EBP],DL
   367 0000036D 89 45 0C                        	MOV	DWORD [12+EBP],EAX
   368 00000370 E9 FFFFFD42                     	JMP	L22
   369 00000375                                 L93:
   370 00000375 8D 45 D3                        	LEA	EAX,DWORD [-45+EBP]
   371 00000378 FF 4D 0C                        	DEC	DWORD [12+EBP]
   372 0000037B 50                              	PUSH	EAX
   373 0000037C 8D 45 0C                        	LEA	EAX,DWORD [12+EBP]
   374 0000037F 6A 0A                           	PUSH	10
   375 00000381 50                              	PUSH	EAX
   376 00000382 E8 [00000000]                   	CALL	_strtoul0
   377 00000387 83 C4 0C                        	ADD	ESP,12
   378 0000038A 89 45 C4                        	MOV	DWORD [-60+EBP],EAX
   379 0000038D 8B 45 0C                        	MOV	EAX,DWORD [12+EBP]
   380 00000390 8A 10                           	MOV	DL,BYTE [EAX]
   381 00000392 40                              	INC	EAX
   382 00000393 88 55 D3                        	MOV	BYTE [-45+EBP],DL
   383 00000396 89 45 0C                        	MOV	DWORD [12+EBP],EAX
   384 00000399 E9 FFFFFD19                     	JMP	L22
   385 0000039E                                 L92:
   386 0000039E C6 45 CB 01                     	MOV	BYTE [-53+EBP],1
   387 000003A2 E9 FFFFFCEA                     	JMP	L18
