     1 00000000                                 [FORMAT "WCOFF"]
     2 00000000                                 [INSTRSET "i486p"]
     3 00000000                                 [OPTIMIZE 1]
     4 00000000                                 [OPTION 1]
     5 00000000                                 [BITS 32]
     6 00000000                                 	EXTERN	_sprintf
     7 00000000                                 	EXTERN	_api_end
     8 00000000                                 [FILE "noodle.c"]
     9                                          [SECTION .data]
    10 00000000                                 LC0:
    11 00000000 30 00                           	DB	"0",0x00
    12                                          [SECTION .text]
    13 00000000                                 	GLOBAL	_HariMain
    14 00000000                                 _HariMain:
    15 00000000 55                              	PUSH	EBP
    16 00000001 89 E5                           	MOV	EBP,ESP
    17 00000003 83 EC 20                        	SUB	ESP,32
    18 00000006 8D 45 E0                        	LEA	EAX,DWORD [-32+EBP]
    19 00000009 68 [00000000]                   	PUSH	LC0
    20 0000000E 50                              	PUSH	EAX
    21 0000000F E8 [00000000]                   	CALL	_sprintf
    22 00000014 E8 [00000000]                   	CALL	_api_end
    23 00000019 C9                              	LEAVE
    24 0000001A C3                              	RET
